2026-01-22 21:44:14,137 - manager - INFO - ConnectionManager initialized
2026-01-22 21:44:14,140 - processor - INFO - ActionProcessor initialized
2026-01-22 21:44:14,176 - app - INFO - Starting Analytics Collector...
2026-01-22 21:44:14,446 - manager - INFO - [2026-01-22 21:44:14.446653] Redis подключен успешно
2026-01-22 21:44:14,449 - app - INFO - [2026-01-22 21:44:14.449133] Analytics Collector успешно запущен
2026-01-22 21:45:35,320 - app - INFO - Shutting down Analytics Collector...
2026-01-22 21:45:35,338 - manager - INFO - Redis connection closed
2026-01-22 21:45:35,339 - app - INFO - [2026-01-22 21:45:35.339321] Analytics Collector успешно остановлен
2026-01-22 21:54:13,366 - manager - INFO - ConnectionManager initialized
2026-01-22 21:54:13,374 - processor - INFO - ActionProcessor initialized
2026-01-22 21:54:13,390 - app - INFO - Starting Analytics Collector...
2026-01-22 21:54:13,483 - manager - INFO - [2026-01-22 21:54:13.482950] Redis подключен успешно
2026-01-22 21:54:13,485 - app - INFO - [2026-01-22 21:54:13.484921] Analytics Collector успешно запущен
2026-01-22 21:55:38,071 - app - INFO - Shutting down Analytics Collector...
2026-01-22 21:55:38,079 - manager - INFO - Redis connection closed
2026-01-22 21:55:38,080 - app - INFO - [2026-01-22 21:55:38.080873] Analytics Collector успешно остановлен
2026-01-22 22:01:27,876 - manager - INFO - ConnectionManager initialized
2026-01-22 22:01:27,878 - processor - INFO - ActionProcessor initialized
2026-01-22 22:01:27,888 - app - INFO - Starting Analytics Collector...
2026-01-22 22:01:27,912 - manager - INFO - [2026-01-22 22:01:27.912756] Redis подключен успешно
2026-01-22 22:01:27,914 - app - INFO - [2026-01-22 22:01:27.914552] Analytics Collector успешно запущен
2026-01-22 22:08:48,495 - app - INFO - Shutting down Analytics Collector...
2026-01-22 22:08:48,503 - manager - INFO - Redis connection closed
2026-01-22 22:08:48,504 - app - INFO - [2026-01-22 22:08:48.504479] Analytics Collector успешно остановлен
